fragment PartialAddress on Address {
    Street1,
    Street2,
    ZipCode
}