query {
    customer {
        Id,
        AccountNumber,
        CustomerContact {
            FirstName,
            LastName
        }
    }
}