query {
	customer {
		primaryAddress: address {
		},
		billingAddress: address {
		}
	}
}