query {
	customer {
		Id,
		AccountNumber,
		theContact: customerContact {
			FirstName,
			LastName
		}
	}
}