query EmptyQueryOperation {
}

fragment CompleteAddressFragment on Address {
    Street1,
    Street2,
    City,
    State,
    ZipCode
}