query {
	primaryAddress: address {
		Street1,
		Street2,
		City,
		State,
		ZipCode
	}
}