query {
    address {
        street1,
        street2,
        city,
        state,
        zipCode
    }
}