query {
    address {
        Street1,
        Street2,
        City,
        State,
        ZipCode,
        Street1,
        Street2,
        City,
        State,
        ZipCode
    }
}