fragment PartialCustomer on Customer {
	Id,
	CustomerContact {
		...PartialContact
	}
}