query {
    customer {
        Id,
        AccountNumber,
        primaryContact: CustomerContact {
            FirstName,
            surname: LastName
        }
    }
}