query CompleteAddressOperation {
    theAddress: address {
        Street1,
        Street2,
        City,
        State,
        ZipCode
    }
}