query {
    address {
        Street1,
        Street2,
        City,
        State,
        ZipCode,
        ...CompleteAddress
    }
}

fragment CompleteAddress on Address {
    Street1,
    Street2,
    City,
    State,
    ZipCode
}