query {
    customer {
        Id,
        CustomerContact {
            phones: PhoneNumbers {
                Number,
                Extension
            }
        }
    }
}