{
    Id,
    aliasA: AccountNumber,
    CustomerContact { id, name },
    aliasB: CustomerContact { id, name }
}