query {
    customer {
        FirstName,
        LastName
        Address {
            Street1,
            Street2,
            City,
            State,
            ZipCode
        }
    }
}