query EmptyQueryOperation {
}

fragment CompleteAddress on Address {
    Street1,
    Street2,
    City,
    State,
    ZipCode
}