{
  CustomerContact(isActive: true) {
    FirstName(initials: true, length: 3, filter: null)
    Address(state: CA, withApartments: false, distanceFromDc: 300.25) {
      postalCode: ZipCode
    }
  }
  favoriteOddNumbersGreaterThan10: FavoriteNumbers(isEven: false, greaterThan: 10)
}